// Jest Snapshot v1, https://goo.gl/fbAQLP

exports[`DefaultLayout.js matches snapshot 1`] = `
<div>
  Component name: DefaultLayout
  <HeaderComponent
    key="header"
  />
  <FooterComponent
    key="footer"
  />
</div>
`;
