// Jest Snapshot v1, https://goo.gl/fbAQLP

exports[`HeaderComponent.js matches snapshot 1`] = `
<div>
  Component name: HeaderComponent
  <NavigationComponent />
</div>
`;
