// Jest Snapshot v1, https://goo.gl/fbAQLP

exports[`AppContainer.tsx matches snapshot 1`] = `
<div>
  <button
    onClick={[Function]}
  >
    Add more
  </button>
</div>
`;
