// Jest Snapshot v1, https://goo.gl/fbAQLP

exports[`EmptyLayout.js matches snapshot 1`] = `
<div>
  Component name: EmptyLayout
</div>
`;
