// Jest Snapshot v1, https://goo.gl/fbAQLP

exports[`FooterComponent.js matches snapshot 1`] = `
<footer>
  Component name: FooterComponent
</footer>
`;
