// Jest Snapshot v1, https://goo.gl/fbAQLP

exports[`HomePage.js matches snapshot 1`] = `
<main>
  Component name: HomePage
</main>
`;
