// Jest Snapshot v1, https://goo.gl/fbAQLP

exports[`DemoPage.js matches snapshot 1`] = `
<main>
  Component name: DemoPage
  <App
    items={Array []}
  />
</main>
`;
