// Jest Snapshot v1, https://goo.gl/fbAQLP

exports[`LoginPage.js matches snapshot 1`] = `
<main>
  Component name: LoginPage
  <hr />
  <NavLink
    activeClassName="active"
    ariaCurrent="true"
    to="/"
  >
    back to home
  </NavLink>
</main>
`;
