// Jest Snapshot v1, https://goo.gl/fbAQLP

exports[`App.tsx matches snapshot 1`] = `
<div>
  <h1>
    App
  </h1>
  <button
    onClick={[Function]}
  >
    Add more
  </button>
</div>
`;
